# Pod: gcp-ai-hypercomputer-verification-jc6w5  phase: Succeeded  namespace: default
# Node: gke-hypercomputer-a3-a3-h100-dws-pool-16664d9c-hhp6  container: verify-ddp-allreduce
# Full stdout/stderr (NCCL_DEBUG=INFO) captured 2026-07-17

2026-07-17T02:20:31.742011519Z =================================================================
2026-07-17T02:20:31.742052717Z  -> Container online! Inspecting internal hardware attachments...
2026-07-17T02:20:31.742055389Z =================================================================
2026-07-17T02:20:31.873981002Z Fri Jul 17 02:20:31 2026       
2026-07-17T02:20:31.874004644Z +---------------------------------------------------------------------------------------+
2026-07-17T02:20:31.874007733Z | NVIDIA-SMI 535.309.01             Driver Version: 535.309.01   CUDA Version: 12.4     |
2026-07-17T02:20:31.874009772Z |-----------------------------------------+----------------------+----------------------+
2026-07-17T02:20:31.874011338Z | GPU  Name                 Persistence-M | Bus-Id        Disp.A | Volatile Uncorr. ECC |
2026-07-17T02:20:31.874012784Z | Fan  Temp   Perf          Pwr:Usage/Cap |         Memory-Usage | GPU-Util  Compute M. |
2026-07-17T02:20:31.874014358Z |                                         |                      |               MIG M. |
2026-07-17T02:20:31.874015705Z |=========================================+======================+======================|
2026-07-17T02:20:31.889270213Z |   0  NVIDIA H100 80GB HBM3          Off | 00000000:04:00.0 Off |                    0 |
2026-07-17T02:20:31.889294743Z | N/A   34C    P0             123W / 700W |      0MiB / 81559MiB |      1%      Default |
2026-07-17T02:20:31.889297040Z |                                         |                      |             Disabled |
2026-07-17T02:20:31.889298637Z +-----------------------------------------+----------------------+----------------------+
2026-07-17T02:20:31.911146642Z |   1  NVIDIA H100 80GB HBM3          Off | 00000000:05:00.0 Off |                    0 |
2026-07-17T02:20:31.911163687Z | N/A   33C    P0              68W / 700W |      0MiB / 81559MiB |      0%      Default |
2026-07-17T02:20:31.911165488Z |                                         |                      |             Disabled |
2026-07-17T02:20:31.911166748Z +-----------------------------------------+----------------------+----------------------+
2026-07-17T02:20:31.933097341Z |   2  NVIDIA H100 80GB HBM3          Off | 00000000:0A:00.0 Off |                    0 |
2026-07-17T02:20:31.933114517Z | N/A   32C    P0              69W / 700W |      0MiB / 81559MiB |      0%      Default |
2026-07-17T02:20:31.933116609Z |                                         |                      |             Disabled |
2026-07-17T02:20:31.933118003Z +-----------------------------------------+----------------------+----------------------+
2026-07-17T02:20:31.955346944Z |   3  NVIDIA H100 80GB HBM3          Off | 00000000:0B:00.0 Off |                    0 |
2026-07-17T02:20:31.955366974Z | N/A   30C    P0              71W / 700W |      0MiB / 81559MiB |      0%      Default |
2026-07-17T02:20:31.955368982Z |                                         |                      |             Disabled |
2026-07-17T02:20:31.955370418Z +-----------------------------------------+----------------------+----------------------+
2026-07-17T02:20:31.977014077Z |   4  NVIDIA H100 80GB HBM3          Off | 00000000:84:00.0 Off |                    0 |
2026-07-17T02:20:31.977031159Z | N/A   32C    P0              68W / 700W |      0MiB / 81559MiB |      0%      Default |
2026-07-17T02:20:31.977033081Z |                                         |                      |             Disabled |
2026-07-17T02:20:31.977034609Z +-----------------------------------------+----------------------+----------------------+
2026-07-17T02:20:31.997657027Z |   5  NVIDIA H100 80GB HBM3          Off | 00000000:85:00.0 Off |                    0 |
2026-07-17T02:20:31.997674459Z | N/A   31C    P0              71W / 700W |      0MiB / 81559MiB |      0%      Default |
2026-07-17T02:20:31.997686143Z |                                         |                      |             Disabled |
2026-07-17T02:20:31.997687445Z +-----------------------------------------+----------------------+----------------------+
2026-07-17T02:20:32.019103613Z |   6  NVIDIA H100 80GB HBM3          Off | 00000000:8A:00.0 Off |                    0 |
2026-07-17T02:20:32.019120498Z | N/A   32C    P0              70W / 700W |      0MiB / 81559MiB |      0%      Default |
2026-07-17T02:20:32.019122580Z |                                         |                      |             Disabled |
2026-07-17T02:20:32.019124051Z +-----------------------------------------+----------------------+----------------------+
2026-07-17T02:20:32.040915038Z |   7  NVIDIA H100 80GB HBM3          Off | 00000000:8B:00.0 Off |                    0 |
2026-07-17T02:20:32.040935277Z | N/A   35C    P0              70W / 700W |      0MiB / 81559MiB |      0%      Default |
2026-07-17T02:20:32.040937425Z |                                         |                      |             Disabled |
2026-07-17T02:20:32.040939043Z +-----------------------------------------+----------------------+----------------------+
2026-07-17T02:20:32.044171436Z                                                                                          
2026-07-17T02:20:32.044194515Z +---------------------------------------------------------------------------------------+
2026-07-17T02:20:32.044197005Z | Processes:                                                                            |
2026-07-17T02:20:32.044198416Z |  GPU   GI   CI        PID   Type   Process name                            GPU Memory |
2026-07-17T02:20:32.044199810Z |        ID   ID                                                             Usage      |
2026-07-17T02:20:32.044201156Z |=======================================================================================|
2026-07-17T02:20:32.049052199Z |  No running processes found                                                           |
2026-07-17T02:20:32.049076374Z +---------------------------------------------------------------------------------------+
2026-07-17T02:20:32.621742448Z 
2026-07-17T02:20:32.621769846Z =================================================================
2026-07-17T02:20:32.621772868Z  -> Initializing PyTorch Distributed 8x GPU Run with torchrun...
2026-07-17T02:20:32.621774765Z =================================================================
2026-07-17T02:20:40.705781955Z ================================================================================
2026-07-17T02:20:40.705826552Z [*] GCP AI Hypercomputer Multi-GPU Distributed Verification Script
2026-07-17T02:20:40.705829732Z [*] Hostname: gcp-ai-hypercomputer-verification-jc6w5 | World Size (GPUs): 8
2026-07-17T02:20:40.705832799Z [*] Primary Device Arch: NVIDIA H100 80GB HBM3 (CC (9, 0))
2026-07-17T02:20:40.705834840Z ================================================================================
2026-07-17T02:20:41.693432562Z gcp-ai-hypercomputer-verification-jc6w5:41:41 [0] NCCL INFO Bootstrap : Using eth0:10.36.0.6<0>
2026-07-17T02:20:41.694988042Z gcp-ai-hypercomputer-verification-jc6w5:41:41 [0] NCCL INFO cudaDriverVersion 12040
2026-07-17T02:20:41.695005272Z NCCL version 2.20.5+cuda12.4
2026-07-17T02:20:41.752881281Z gcp-ai-hypercomputer-verification-jc6w5:48:48 [7] NCCL INFO cudaDriverVersion 12040
2026-07-17T02:20:41.752925904Z gcp-ai-hypercomputer-verification-jc6w5:48:48 [7] NCCL INFO Bootstrap : Using eth0:10.36.0.6<0>
2026-07-17T02:20:41.756697991Z gcp-ai-hypercomputer-verification-jc6w5:44:44 [3] NCCL INFO cudaDriverVersion 12040
2026-07-17T02:20:41.757016631Z gcp-ai-hypercomputer-verification-jc6w5:44:44 [3] NCCL INFO Bootstrap : Using eth0:10.36.0.6<0>
2026-07-17T02:20:41.764092168Z gcp-ai-hypercomputer-verification-jc6w5:46:46 [5] NCCL INFO cudaDriverVersion 12040
2026-07-17T02:20:41.764248912Z gcp-ai-hypercomputer-verification-jc6w5:46:46 [5] NCCL INFO Bootstrap : Using eth0:10.36.0.6<0>
2026-07-17T02:20:41.765569016Z gcp-ai-hypercomputer-verification-jc6w5:45:45 [4] NCCL INFO cudaDriverVersion 12040
2026-07-17T02:20:41.765591916Z gcp-ai-hypercomputer-verification-jc6w5:45:45 [4] NCCL INFO Bootstrap : Using eth0:10.36.0.6<0>
2026-07-17T02:20:41.793087833Z gcp-ai-hypercomputer-verification-jc6w5:42:42 [1] NCCL INFO cudaDriverVersion 12040
2026-07-17T02:20:41.793115385Z gcp-ai-hypercomputer-verification-jc6w5:42:42 [1] NCCL INFO Bootstrap : Using eth0:10.36.0.6<0>
2026-07-17T02:20:41.799027199Z gcp-ai-hypercomputer-verification-jc6w5:43:43 [2] NCCL INFO cudaDriverVersion 12040
2026-07-17T02:20:41.799183934Z gcp-ai-hypercomputer-verification-jc6w5:43:43 [2] NCCL INFO Bootstrap : Using eth0:10.36.0.6<0>
2026-07-17T02:20:41.805257097Z gcp-ai-hypercomputer-verification-jc6w5:47:47 [6] NCCL INFO cudaDriverVersion 12040
2026-07-17T02:20:41.805413399Z gcp-ai-hypercomputer-verification-jc6w5:47:47 [6] NCCL INFO Bootstrap : Using eth0:10.36.0.6<0>
2026-07-17T02:20:41.947757912Z gcp-ai-hypercomputer-verification-jc6w5:41:146 [0] NCCL INFO Plugin Path : /opt/hpcx/nccl_rdma_sharp_plugin/lib/libnccl-net.so
2026-07-17T02:20:41.947798455Z gcp-ai-hypercomputer-verification-jc6w5:41:146 [0] NCCL INFO P2P plugin IBext_v8
2026-07-17T02:20:41.954441451Z gcp-ai-hypercomputer-verification-jc6w5:46:147 [5] NCCL INFO Plugin Path : /opt/hpcx/nccl_rdma_sharp_plugin/lib/libnccl-net.so
2026-07-17T02:20:41.954510399Z gcp-ai-hypercomputer-verification-jc6w5:46:147 [5] NCCL INFO P2P plugin IBext_v8
2026-07-17T02:20:41.958451692Z gcp-ai-hypercomputer-verification-jc6w5:48:148 [7] NCCL INFO Plugin Path : /opt/hpcx/nccl_rdma_sharp_plugin/lib/libnccl-net.so
2026-07-17T02:20:41.958485425Z gcp-ai-hypercomputer-verification-jc6w5:48:148 [7] NCCL INFO P2P plugin IBext_v8
2026-07-17T02:20:41.963925868Z gcp-ai-hypercomputer-verification-jc6w5:44:149 [3] NCCL INFO Plugin Path : /opt/hpcx/nccl_rdma_sharp_plugin/lib/libnccl-net.so
2026-07-17T02:20:41.963969842Z gcp-ai-hypercomputer-verification-jc6w5:44:149 [3] NCCL INFO P2P plugin IBext_v8
2026-07-17T02:20:41.965298039Z gcp-ai-hypercomputer-verification-jc6w5:45:150 [4] NCCL INFO Plugin Path : /opt/hpcx/nccl_rdma_sharp_plugin/lib/libnccl-net.so
2026-07-17T02:20:41.965328978Z gcp-ai-hypercomputer-verification-jc6w5:45:150 [4] NCCL INFO P2P plugin IBext_v8
2026-07-17T02:20:41.971121462Z gcp-ai-hypercomputer-verification-jc6w5:42:151 [1] NCCL INFO Plugin Path : /opt/hpcx/nccl_rdma_sharp_plugin/lib/libnccl-net.so
2026-07-17T02:20:41.971137392Z gcp-ai-hypercomputer-verification-jc6w5:42:151 [1] NCCL INFO P2P plugin IBext_v8
2026-07-17T02:20:41.972880012Z gcp-ai-hypercomputer-verification-jc6w5:43:152 [2] NCCL INFO Plugin Path : /opt/hpcx/nccl_rdma_sharp_plugin/lib/libnccl-net.so
2026-07-17T02:20:41.972918258Z gcp-ai-hypercomputer-verification-jc6w5:43:152 [2] NCCL INFO P2P plugin IBext_v8
2026-07-17T02:20:41.973772667Z gcp-ai-hypercomputer-verification-jc6w5:47:153 [6] NCCL INFO Plugin Path : /opt/hpcx/nccl_rdma_sharp_plugin/lib/libnccl-net.so
2026-07-17T02:20:41.973807243Z gcp-ai-hypercomputer-verification-jc6w5:47:153 [6] NCCL INFO P2P plugin IBext_v8
2026-07-17T02:20:42.087758916Z gcp-ai-hypercomputer-verification-jc6w5:46:147 [5] NCCL INFO NET/IB : No device found.
2026-07-17T02:20:42.087790779Z gcp-ai-hypercomputer-verification-jc6w5:41:146 [0] NCCL INFO NET/IB : No device found.
2026-07-17T02:20:42.087795281Z gcp-ai-hypercomputer-verification-jc6w5:42:151 [1] NCCL INFO NET/IB : No device found.
2026-07-17T02:20:42.087798471Z gcp-ai-hypercomputer-verification-jc6w5:48:148 [7] NCCL INFO NET/IB : No device found.
2026-07-17T02:20:42.087812484Z gcp-ai-hypercomputer-verification-jc6w5:47:153 [6] NCCL INFO NET/IB : No device found.
2026-07-17T02:20:42.087815419Z gcp-ai-hypercomputer-verification-jc6w5:44:149 [3] NCCL INFO NET/IB : No device found.
2026-07-17T02:20:42.087818399Z gcp-ai-hypercomputer-verification-jc6w5:45:150 [4] NCCL INFO NET/IB : No device found.
2026-07-17T02:20:42.087831858Z gcp-ai-hypercomputer-verification-jc6w5:43:152 [2] NCCL INFO NET/IB : No device found.
2026-07-17T02:20:42.089699316Z gcp-ai-hypercomputer-verification-jc6w5:41:146 [0] NCCL INFO NET/IB : No device found.
2026-07-17T02:20:42.089723503Z gcp-ai-hypercomputer-verification-jc6w5:42:151 [1] NCCL INFO NET/IB : No device found.
2026-07-17T02:20:42.089727566Z gcp-ai-hypercomputer-verification-jc6w5:47:153 [6] NCCL INFO NET/IB : No device found.
2026-07-17T02:20:42.089730770Z gcp-ai-hypercomputer-verification-jc6w5:44:149 [3] NCCL INFO NET/IB : No device found.
2026-07-17T02:20:42.089733839Z gcp-ai-hypercomputer-verification-jc6w5:46:147 [5] NCCL INFO NET/IB : No device found.
2026-07-17T02:20:42.089736939Z gcp-ai-hypercomputer-verification-jc6w5:45:150 [4] NCCL INFO NET/IB : No device found.
2026-07-17T02:20:42.089739657Z gcp-ai-hypercomputer-verification-jc6w5:43:152 [2] NCCL INFO NET/IB : No device found.
2026-07-17T02:20:42.089744466Z gcp-ai-hypercomputer-verification-jc6w5:48:148 [7] NCCL INFO NET/IB : No device found.
2026-07-17T02:20:42.090180332Z gcp-ai-hypercomputer-verification-jc6w5:43:152 [2] NCCL INFO NET/Socket : Using [0]eth0:10.36.0.6<0>
2026-07-17T02:20:42.090197546Z gcp-ai-hypercomputer-verification-jc6w5:41:146 [0] NCCL INFO NET/Socket : Using [0]eth0:10.36.0.6<0>
2026-07-17T02:20:42.090200645Z gcp-ai-hypercomputer-verification-jc6w5:44:149 [3] NCCL INFO NET/Socket : Using [0]eth0:10.36.0.6<0>
2026-07-17T02:20:42.090203392Z gcp-ai-hypercomputer-verification-jc6w5:42:151 [1] NCCL INFO NET/Socket : Using [0]eth0:10.36.0.6<0>
2026-07-17T02:20:42.090205950Z gcp-ai-hypercomputer-verification-jc6w5:46:147 [5] NCCL INFO NET/Socket : Using [0]eth0:10.36.0.6<0>
2026-07-17T02:20:42.090208481Z gcp-ai-hypercomputer-verification-jc6w5:45:150 [4] NCCL INFO NET/Socket : Using [0]eth0:10.36.0.6<0>
2026-07-17T02:20:42.090330135Z gcp-ai-hypercomputer-verification-jc6w5:48:148 [7] NCCL INFO NET/Socket : Using [0]eth0:10.36.0.6<0>
2026-07-17T02:20:42.090336335Z gcp-ai-hypercomputer-verification-jc6w5:47:153 [6] NCCL INFO NET/Socket : Using [0]eth0:10.36.0.6<0>
2026-07-17T02:20:42.090339280Z gcp-ai-hypercomputer-verification-jc6w5:42:151 [1] NCCL INFO Using non-device net plugin version 0
2026-07-17T02:20:42.090341454Z gcp-ai-hypercomputer-verification-jc6w5:42:151 [1] NCCL INFO Using network Socket
2026-07-17T02:20:42.090343746Z gcp-ai-hypercomputer-verification-jc6w5:45:150 [4] NCCL INFO Using non-device net plugin version 0
2026-07-17T02:20:42.090346278Z gcp-ai-hypercomputer-verification-jc6w5:46:147 [5] NCCL INFO Using non-device net plugin version 0
2026-07-17T02:20:42.090348455Z gcp-ai-hypercomputer-verification-jc6w5:44:149 [3] NCCL INFO Using non-device net plugin version 0
2026-07-17T02:20:42.090350594Z gcp-ai-hypercomputer-verification-jc6w5:45:150 [4] NCCL INFO Using network Socket
2026-07-17T02:20:42.090352898Z gcp-ai-hypercomputer-verification-jc6w5:46:147 [5] NCCL INFO Using network Socket
2026-07-17T02:20:42.090355082Z gcp-ai-hypercomputer-verification-jc6w5:44:149 [3] NCCL INFO Using network Socket
2026-07-17T02:20:42.090357413Z gcp-ai-hypercomputer-verification-jc6w5:41:146 [0] NCCL INFO Using non-device net plugin version 0
2026-07-17T02:20:42.090361632Z gcp-ai-hypercomputer-verification-jc6w5:41:146 [0] NCCL INFO Using network Socket
2026-07-17T02:20:42.090363781Z gcp-ai-hypercomputer-verification-jc6w5:48:148 [7] NCCL INFO Using non-device net plugin version 0
2026-07-17T02:20:42.090374382Z gcp-ai-hypercomputer-verification-jc6w5:48:148 [7] NCCL INFO Using network Socket
2026-07-17T02:20:42.090376264Z gcp-ai-hypercomputer-verification-jc6w5:47:153 [6] NCCL INFO Using non-device net plugin version 0
2026-07-17T02:20:42.090378273Z gcp-ai-hypercomputer-verification-jc6w5:47:153 [6] NCCL INFO Using network Socket
2026-07-17T02:20:42.090380439Z gcp-ai-hypercomputer-verification-jc6w5:43:152 [2] NCCL INFO Using non-device net plugin version 0
2026-07-17T02:20:42.090382405Z gcp-ai-hypercomputer-verification-jc6w5:43:152 [2] NCCL INFO Using network Socket
2026-07-17T02:20:43.273960393Z gcp-ai-hypercomputer-verification-jc6w5:46:147 [5] NCCL INFO comm 0x5abd35fdb0a0 rank 5 nranks 8 cudaDev 5 nvmlDev 5 busId 85000 commId 0x9bf77762123a18b4 - Init START
2026-07-17T02:20:43.274006821Z gcp-ai-hypercomputer-verification-jc6w5:43:152 [2] NCCL INFO comm 0x57d4d23760a0 rank 2 nranks 8 cudaDev 2 nvmlDev 2 busId a000 commId 0x9bf77762123a18b4 - Init START
2026-07-17T02:20:43.274012322Z gcp-ai-hypercomputer-verification-jc6w5:42:151 [1] NCCL INFO comm 0x561437605d60 rank 1 nranks 8 cudaDev 1 nvmlDev 1 busId 5000 commId 0x9bf77762123a18b4 - Init START
2026-07-17T02:20:43.274015130Z gcp-ai-hypercomputer-verification-jc6w5:44:149 [3] NCCL INFO comm 0x58b89a35a1c0 rank 3 nranks 8 cudaDev 3 nvmlDev 3 busId b000 commId 0x9bf77762123a18b4 - Init START
2026-07-17T02:20:43.274018209Z gcp-ai-hypercomputer-verification-jc6w5:45:150 [4] NCCL INFO comm 0x597025071600 rank 4 nranks 8 cudaDev 4 nvmlDev 4 busId 84000 commId 0x9bf77762123a18b4 - Init START
2026-07-17T02:20:43.274021478Z gcp-ai-hypercomputer-verification-jc6w5:41:146 [0] NCCL INFO comm 0x5901cafed680 rank 0 nranks 8 cudaDev 0 nvmlDev 0 busId 4000 commId 0x9bf77762123a18b4 - Init START
2026-07-17T02:20:43.274025147Z gcp-ai-hypercomputer-verification-jc6w5:48:148 [7] NCCL INFO comm 0x564a389be2c0 rank 7 nranks 8 cudaDev 7 nvmlDev 7 busId 8b000 commId 0x9bf77762123a18b4 - Init START
2026-07-17T02:20:43.274028081Z gcp-ai-hypercomputer-verification-jc6w5:47:153 [6] NCCL INFO comm 0x566adde0efe0 rank 6 nranks 8 cudaDev 6 nvmlDev 6 busId 8a000 commId 0x9bf77762123a18b4 - Init START
2026-07-17T02:20:47.528494436Z gcp-ai-hypercomputer-verification-jc6w5:47:153 [6] NCCL INFO NET/Socket : GPU Direct RDMA Disabled for HCA 0 'eth0'
2026-07-17T02:20:47.529420460Z gcp-ai-hypercomputer-verification-jc6w5:44:149 [3] NCCL INFO NET/Socket : GPU Direct RDMA Disabled for HCA 0 'eth0'
2026-07-17T02:20:47.530196287Z gcp-ai-hypercomputer-verification-jc6w5:47:153 [6] NCCL INFO Setting affinity for GPU 6 to ffff,ffffffff,f0000000,000000ff,ffffffff,fff00000,00000000
2026-07-17T02:20:47.530362611Z gcp-ai-hypercomputer-verification-jc6w5:47:153 [6] NCCL INFO NVLS multicast support is available on dev 6
2026-07-17T02:20:47.530868594Z gcp-ai-hypercomputer-verification-jc6w5:44:149 [3] NCCL INFO Setting affinity for GPU 3 to 0fffffff,ffffff00,00000000,000fffff,ffffffff
2026-07-17T02:20:47.530894852Z gcp-ai-hypercomputer-verification-jc6w5:45:150 [4] NCCL INFO NET/Socket : GPU Direct RDMA Disabled for HCA 0 'eth0'
2026-07-17T02:20:47.530975200Z gcp-ai-hypercomputer-verification-jc6w5:44:149 [3] NCCL INFO NVLS multicast support is available on dev 3
2026-07-17T02:20:47.531102135Z gcp-ai-hypercomputer-verification-jc6w5:41:146 [0] NCCL INFO NET/Socket : GPU Direct RDMA Disabled for HCA 0 'eth0'
2026-07-17T02:20:47.531965262Z gcp-ai-hypercomputer-verification-jc6w5:43:152 [2] NCCL INFO NET/Socket : GPU Direct RDMA Disabled for HCA 0 'eth0'
2026-07-17T02:20:47.532907572Z gcp-ai-hypercomputer-verification-jc6w5:45:150 [4] NCCL INFO Setting affinity for GPU 4 to ffff,ffffffff,f0000000,000000ff,ffffffff,fff00000,00000000
2026-07-17T02:20:47.532935805Z gcp-ai-hypercomputer-verification-jc6w5:46:147 [5] NCCL INFO NET/Socket : GPU Direct RDMA Disabled for HCA 0 'eth0'
2026-07-17T02:20:47.532964140Z gcp-ai-hypercomputer-verification-jc6w5:45:150 [4] NCCL INFO NVLS multicast support is available on dev 4
2026-07-17T02:20:47.533068271Z gcp-ai-hypercomputer-verification-jc6w5:41:146 [0] NCCL INFO Setting affinity for GPU 0 to 0fffffff,ffffff00,00000000,000fffff,ffffffff
2026-07-17T02:20:47.533122089Z gcp-ai-hypercomputer-verification-jc6w5:41:146 [0] NCCL INFO NVLS multicast support is available on dev 0
2026-07-17T02:20:47.533831085Z gcp-ai-hypercomputer-verification-jc6w5:48:148 [7] NCCL INFO NET/Socket : GPU Direct RDMA Disabled for HCA 0 'eth0'
2026-07-17T02:20:47.533850362Z gcp-ai-hypercomputer-verification-jc6w5:43:152 [2] NCCL INFO Setting affinity for GPU 2 to 0fffffff,ffffff00,00000000,000fffff,ffffffff
2026-07-17T02:20:47.533927123Z gcp-ai-hypercomputer-verification-jc6w5:43:152 [2] NCCL INFO NVLS multicast support is available on dev 2
2026-07-17T02:20:47.534708676Z gcp-ai-hypercomputer-verification-jc6w5:42:151 [1] NCCL INFO NET/Socket : GPU Direct RDMA Disabled for HCA 0 'eth0'
2026-07-17T02:20:47.534762596Z gcp-ai-hypercomputer-verification-jc6w5:46:147 [5] NCCL INFO Setting affinity for GPU 5 to ffff,ffffffff,f0000000,000000ff,ffffffff,fff00000,00000000
2026-07-17T02:20:47.534836523Z gcp-ai-hypercomputer-verification-jc6w5:46:147 [5] NCCL INFO NVLS multicast support is available on dev 5
2026-07-17T02:20:47.535701013Z gcp-ai-hypercomputer-verification-jc6w5:48:148 [7] NCCL INFO Setting affinity for GPU 7 to ffff,ffffffff,f0000000,000000ff,ffffffff,fff00000,00000000
2026-07-17T02:20:47.535711784Z gcp-ai-hypercomputer-verification-jc6w5:48:148 [7] NCCL INFO NVLS multicast support is available on dev 7
2026-07-17T02:20:47.536647967Z gcp-ai-hypercomputer-verification-jc6w5:42:151 [1] NCCL INFO Setting affinity for GPU 1 to 0fffffff,ffffff00,00000000,000fffff,ffffffff
2026-07-17T02:20:47.536768918Z gcp-ai-hypercomputer-verification-jc6w5:42:151 [1] NCCL INFO NVLS multicast support is available on dev 1
2026-07-17T02:20:47.551746578Z gcp-ai-hypercomputer-verification-jc6w5:46:147 [5] NCCL INFO comm 0x5abd35fdb0a0 rank 5 nRanks 8 nNodes 1 localRanks 8 localRank 5 MNNVL 0
2026-07-17T02:20:47.551776181Z gcp-ai-hypercomputer-verification-jc6w5:47:153 [6] NCCL INFO comm 0x566adde0efe0 rank 6 nRanks 8 nNodes 1 localRanks 8 localRank 6 MNNVL 0
2026-07-17T02:20:47.551779936Z gcp-ai-hypercomputer-verification-jc6w5:45:150 [4] NCCL INFO comm 0x597025071600 rank 4 nRanks 8 nNodes 1 localRanks 8 localRank 4 MNNVL 0
2026-07-17T02:20:47.551782570Z gcp-ai-hypercomputer-verification-jc6w5:44:149 [3] NCCL INFO comm 0x58b89a35a1c0 rank 3 nRanks 8 nNodes 1 localRanks 8 localRank 3 MNNVL 0
2026-07-17T02:20:47.551785222Z gcp-ai-hypercomputer-verification-jc6w5:43:152 [2] NCCL INFO comm 0x57d4d23760a0 rank 2 nRanks 8 nNodes 1 localRanks 8 localRank 2 MNNVL 0
2026-07-17T02:20:47.551787736Z gcp-ai-hypercomputer-verification-jc6w5:42:151 [1] NCCL INFO comm 0x561437605d60 rank 1 nRanks 8 nNodes 1 localRanks 8 localRank 1 MNNVL 0
2026-07-17T02:20:47.551790694Z gcp-ai-hypercomputer-verification-jc6w5:48:148 [7] NCCL INFO comm 0x564a389be2c0 rank 7 nRanks 8 nNodes 1 localRanks 8 localRank 7 MNNVL 0
2026-07-17T02:20:47.551792712Z gcp-ai-hypercomputer-verification-jc6w5:41:146 [0] NCCL INFO comm 0x5901cafed680 rank 0 nRanks 8 nNodes 1 localRanks 8 localRank 0 MNNVL 0
2026-07-17T02:20:47.551795479Z gcp-ai-hypercomputer-verification-jc6w5:45:150 [4] NCCL INFO Trees [0] 5/-1/-1->4->3 [1] 5/-1/-1->4->3 [2] 5/-1/-1->4->3 [3] 5/-1/-1->4->3 [4] 5/-1/-1->4->3 [5] 5/-1/-1->4->3 [6] 5/-1/-1->4->3 [7] 5/-1/-1->4->3 [8] 5/-1/-1->4->3 [9] 5/-1/-1->4->3 [10] 5/-1/-1->4->3 [11] 5/-1/-1->4->3 [12] 5/-1/-1->4->3 [13] 5/-1/-1->4->3 [14] 5/-1/-1->4->3 [15] 5/-1/-1->4->3 [16] 5/-1/-1->4->3 [17] 5/-1/-1->4->3 [18] 5/-1/-1->4->3 [19] 5/-1/-1->4->3 [20] 5/-1/-1->4->3 [21] 5/-1/-1->4->3 [22] 5/-1/-1->4->3 [23] 5/-1/-1->4->3
2026-07-17T02:20:47.551825040Z gcp-ai-hypercomputer-verification-jc6w5:45:150 [4] NCCL INFO P2P Chunksize set to 524288
2026-07-17T02:20:47.551827976Z gcp-ai-hypercomputer-verification-jc6w5:41:146 [0] NCCL INFO Channel 00/24 :    0   1   2   3   4   5   6   7
2026-07-17T02:20:47.551830659Z gcp-ai-hypercomputer-verification-jc6w5:46:147 [5] NCCL INFO Trees [0] 6/-1/-1->5->4 [1] 6/-1/-1->5->4 [2] 6/-1/-1->5->4 [3] 6/-1/-1->5->4 [4] 6/-1/-1->5->4 [5] 6/-1/-1->5->4 [6] 6/-1/-1->5->4 [7] 6/-1/-1->5->4 [8] 6/-1/-1->5->4 [9] 6/-1/-1->5->4 [10] 6/-1/-1->5->4 [11] 6/-1/-1->5->4 [12] 6/-1/-1->5->4 [13] 6/-1/-1->5->4 [14] 6/-1/-1->5->4 [15] 6/-1/-1->5->4 [16] 6/-1/-1->5->4 [17] 6/-1/-1->5->4 [18] 6/-1/-1->5->4 [19] 6/-1/-1->5->4 [20] 6/-1/-1->5->4 [21] 6/-1/-1->5->4 [22] 6/-1/-1->5->4 [23] 6/-1/-1->5->4
2026-07-17T02:20:47.551841175Z gcp-ai-hypercomputer-verification-jc6w5:41:146 [0] NCCL INFO Channel 01/24 :    0   1   2   3   4   5   6   7
2026-07-17T02:20:47.551843065Z gcp-ai-hypercomputer-verification-jc6w5:48:148 [7] NCCL INFO Trees [0] -1/-1/-1->7->6 [1] -1/-1/-1->7->6 [2] -1/-1/-1->7->6 [3] -1/-1/-1->7->6 [4] -1/-1/-1->7->6 [5] -1/-1/-1->7->6 [6] -1/-1/-1->7->6 [7] -1/-1/-1->7->6 [8] -1/-1/-1->7->6 [9] -1/-1/-1->7->6 [10] -1/-1/-1->7->6 [11] -1/-1/-1->7->6 [12] -1/-1/-1->7->6 [13] -1/-1/-1->7->6 [14] -1/-1/-1->7->6 [15] -1/-1/-1->7->6 [16] -1/-1/-1->7->6 [17] -1/-1/-1->7->6 [18] -1/-1/-1->7->6 [19] -1/-1/-1->7->6 [20] -1/-1/-1->7->6 [21] -1/-1/-1->7->6 [22] -1/-1/-1->7->6 [23] -1/-1/-1->7->6
2026-07-17T02:20:47.551847048Z gcp-ai-hypercomputer-verification-jc6w5:42:151 [1] NCCL INFO Trees [0] 2/-1/-1->1->0 [1] 2/-1/-1->1->0 [2] 2/-1/-1->1->0 [3] 2/-1/-1->1->0 [4] 2/-1/-1->1->0 [5] 2/-1/-1->1->0 [6] 2/-1/-1->1->0 [7] 2/-1/-1->1->0 [8] 2/-1/-1->1->0 [9] 2/-1/-1->1->0 [10] 2/-1/-1->1->0 [11] 2/-1/-1->1->0 [12] 2/-1/-1->1->0 [13] 2/-1/-1->1->0 [14] 2/-1/-1->1->0 [15] 2/-1/-1->1->0 [16] 2/-1/-1->1->0 [17] 2/-1/-1->1->0 [18] 2/-1/-1->1->0 [19] 2/-1/-1->1->0 [20] 2/-1/-1->1->0 [21] 2/-1/-1->1->0 [22] 2/-1/-1->1->0 [23] 2/-1/-1->1->0
2026-07-17T02:20:47.551849335Z gcp-ai-hypercomputer-verification-jc6w5:47:153 [6] NCCL INFO Trees [0] 7/-1/-1->6->5 [1] 7/-1/-1->6->5 [2] 7/-1/-1->6->5 [3] 7/-1/-1->6->5 [4] 7/-1/-1->6->5 [5] 7/-1/-1->6->5 [6] 7/-1/-1->6->5 [7] 7/-1/-1->6->5 [8] 7/-1/-1->6->5 [9] 7/-1/-1->6->5 [10] 7/-1/-1->6->5 [11] 7/-1/-1->6->5 [12] 7/-1/-1->6->5 [13] 7/-1/-1->6->5 [14] 7/-1/-1->6->5 [15] 7/-1/-1->6->5 [16] 7/-1/-1->6->5 [17] 7/-1/-1->6->5 [18] 7/-1/-1->6->5 [19] 7/-1/-1->6->5 [20] 7/-1/-1->6->5 [21] 7/-1/-1->6->5 [22] 7/-1/-1->6->5 [23] 7/-1/-1->6->5
2026-07-17T02:20:47.551884388Z gcp-ai-hypercomputer-verification-jc6w5:44:149 [3] NCCL INFO Trees [0] 4/-1/-1->3->2 [1] 4/-1/-1->3->2 [2] 4/-1/-1->3->2 [3] 4/-1/-1->3->2 [4] 4/-1/-1->3->2 [5] 4/-1/-1->3->2 [6] 4/-1/-1->3->2 [7] 4/-1/-1->3->2 [8] 4/-1/-1->3->2 [9] 4/-1/-1->3->2 [10] 4/-1/-1->3->2 [11] 4/-1/-1->3->2 [12] 4/-1/-1->3->2 [13] 4/-1/-1->3->2 [14] 4/-1/-1->3->2 [15] 4/-1/-1->3->2 [16] 4/-1/-1->3->2 [17] 4/-1/-1->3->2 [18] 4/-1/-1->3->2 [19] 4/-1/-1->3->2 [20] 4/-1/-1->3->2 [21] 4/-1/-1->3->2 [22] 4/-1/-1->3->2 [23] 4/-1/-1->3->2
2026-07-17T02:20:47.551887796Z gcp-ai-hypercomputer-verification-jc6w5:41:146 [0] NCCL INFO Channel 02/24 :    0   1   2   3   4   5   6   7
2026-07-17T02:20:47.551890473Z gcp-ai-hypercomputer-verification-jc6w5:46:147 [5] NCCL INFO P2P Chunksize set to 524288
2026-07-17T02:20:47.551892844Z gcp-ai-hypercomputer-verification-jc6w5:41:146 [0] NCCL INFO Channel 03/24 :    0   1   2   3   4   5   6   7
2026-07-17T02:20:47.551895484Z gcp-ai-hypercomputer-verification-jc6w5:43:152 [2] NCCL INFO Trees [0] 3/-1/-1->2->1 [1] 3/-1/-1->2->1 [2] 3/-1/-1->2->1 [3] 3/-1/-1->2->1 [4] 3/-1/-1->2->1 [5] 3/-1/-1->2->1 [6] 3/-1/-1->2->1 [7] 3/-1/-1->2->1 [8] 3/-1/-1->2->1 [9] 3/-1/-1->2->1 [10] 3/-1/-1->2->1 [11] 3/-1/-1->2->1 [12] 3/-1/-1->2->1 [13] 3/-1/-1->2->1 [14] 3/-1/-1->2->1 [15] 3/-1/-1->2->1 [16] 3/-1/-1->2->1 [17] 3/-1/-1->2->1 [18] 3/-1/-1->2->1 [19] 3/-1/-1->2->1 [20] 3/-1/-1->2->1 [21] 3/-1/-1->2->1 [22] 3/-1/-1->2->1 [23] 3/-1/-1->2->1
2026-07-17T02:20:47.551900950Z gcp-ai-hypercomputer-verification-jc6w5:48:148 [7] NCCL INFO P2P Chunksize set to 524288
2026-07-17T02:20:47.551902707Z gcp-ai-hypercomputer-verification-jc6w5:42:151 [1] NCCL INFO P2P Chunksize set to 524288
2026-07-17T02:20:47.551904437Z gcp-ai-hypercomputer-verification-jc6w5:47:153 [6] NCCL INFO P2P Chunksize set to 524288
2026-07-17T02:20:47.551906121Z gcp-ai-hypercomputer-verification-jc6w5:44:149 [3] NCCL INFO P2P Chunksize set to 524288
2026-07-17T02:20:47.551908180Z gcp-ai-hypercomputer-verification-jc6w5:41:146 [0] NCCL INFO Channel 04/24 :    0   1   2   3   4   5   6   7
2026-07-17T02:20:47.551910039Z gcp-ai-hypercomputer-verification-jc6w5:43:152 [2] NCCL INFO P2P Chunksize set to 524288
2026-07-17T02:20:47.551911790Z gcp-ai-hypercomputer-verification-jc6w5:41:146 [0] NCCL INFO Channel 05/24 :    0   1   2   3   4   5   6   7
2026-07-17T02:20:47.551913804Z gcp-ai-hypercomputer-verification-jc6w5:41:146 [0] NCCL INFO Channel 06/24 :    0   1   2   3   4   5   6   7
2026-07-17T02:20:47.551915718Z gcp-ai-hypercomputer-verification-jc6w5:41:146 [0] NCCL INFO Channel 07/24 :    0   1   2   3   4   5   6   7
2026-07-17T02:20:47.551917600Z gcp-ai-hypercomputer-verification-jc6w5:41:146 [0] NCCL INFO Channel 08/24 :    0   1   2   3   4   5   6   7
2026-07-17T02:20:47.551919218Z gcp-ai-hypercomputer-verification-jc6w5:41:146 [0] NCCL INFO Channel 09/24 :    0   1   2   3   4   5   6   7
2026-07-17T02:20:47.551920896Z gcp-ai-hypercomputer-verification-jc6w5:41:146 [0] NCCL INFO Channel 10/24 :    0   1   2   3   4   5   6   7
2026-07-17T02:20:47.551923918Z gcp-ai-hypercomputer-verification-jc6w5:41:146 [0] NCCL INFO Channel 11/24 :    0   1   2   3   4   5   6   7
2026-07-17T02:20:47.551925844Z gcp-ai-hypercomputer-verification-jc6w5:41:146 [0] NCCL INFO Channel 12/24 :    0   1   2   3   4   5   6   7
2026-07-17T02:20:47.551927561Z gcp-ai-hypercomputer-verification-jc6w5:41:146 [0] NCCL INFO Channel 13/24 :    0   1   2   3   4   5   6   7
2026-07-17T02:20:47.551929392Z gcp-ai-hypercomputer-verification-jc6w5:41:146 [0] NCCL INFO Channel 14/24 :    0   1   2   3   4   5   6   7
2026-07-17T02:20:47.551931181Z gcp-ai-hypercomputer-verification-jc6w5:41:146 [0] NCCL INFO Channel 15/24 :    0   1   2   3   4   5   6   7
2026-07-17T02:20:47.551933081Z gcp-ai-hypercomputer-verification-jc6w5:41:146 [0] NCCL INFO Channel 16/24 :    0   1   2   3   4   5   6   7
2026-07-17T02:20:47.551934635Z gcp-ai-hypercomputer-verification-jc6w5:41:146 [0] NCCL INFO Channel 17/24 :    0   1   2   3   4   5   6   7
2026-07-17T02:20:47.551936211Z gcp-ai-hypercomputer-verification-jc6w5:41:146 [0] NCCL INFO Channel 18/24 :    0   1   2   3   4   5   6   7
2026-07-17T02:20:47.551938097Z gcp-ai-hypercomputer-verification-jc6w5:41:146 [0] NCCL INFO Channel 19/24 :    0   1   2   3   4   5   6   7
2026-07-17T02:20:47.551939832Z gcp-ai-hypercomputer-verification-jc6w5:41:146 [0] NCCL INFO Channel 20/24 :    0   1   2   3   4   5   6   7
2026-07-17T02:20:47.551941432Z gcp-ai-hypercomputer-verification-jc6w5:41:146 [0] NCCL INFO Channel 21/24 :    0   1   2   3   4   5   6   7
2026-07-17T02:20:47.551943007Z gcp-ai-hypercomputer-verification-jc6w5:41:146 [0] NCCL INFO Channel 22/24 :    0   1   2   3   4   5   6   7
2026-07-17T02:20:47.551944633Z gcp-ai-hypercomputer-verification-jc6w5:41:146 [0] NCCL INFO Channel 23/24 :    0   1   2   3   4   5   6   7
2026-07-17T02:20:47.551947772Z gcp-ai-hypercomputer-verification-jc6w5:41:146 [0] NCCL INFO Trees [0] 1/-1/-1->0->-1 [1] 1/-1/-1->0->-1 [2] 1/-1/-1->0->-1 [3] 1/-1/-1->0->-1 [4] 1/-1/-1->0->-1 [5] 1/-1/-1->0->-1 [6] 1/-1/-1->0->-1 [7] 1/-1/-1->0->-1 [8] 1/-1/-1->0->-1 [9] 1/-1/-1->0->-1 [10] 1/-1/-1->0->-1 [11] 1/-1/-1->0->-1 [12] 1/-1/-1->0->-1 [13] 1/-1/-1->0->-1 [14] 1/-1/-1->0->-1 [15] 1/-1/-1->0->-1 [16] 1/-1/-1->0->-1 [17] 1/-1/-1->0->-1 [18] 1/-1/-1->0->-1 [19] 1/-1/-1->0->-1 [20] 1/-1/-1->0->-1 [21] 1/-1/-1->0->-1 [22] 1/-1/-1->0->-1 [23] 1/-1/-1->0->-1
2026-07-17T02:20:47.551953289Z gcp-ai-hypercomputer-verification-jc6w5:41:146 [0] NCCL INFO P2P Chunksize set to 524288
2026-07-17T02:20:47.610154968Z gcp-ai-hypercomputer-verification-jc6w5:45:154 [4] NCCL INFO New proxy recv connection 0 from local rank 4, transport 0
2026-07-17T02:20:47.610179033Z gcp-ai-hypercomputer-verification-jc6w5:48:156 [7] NCCL INFO New proxy recv connection 0 from local rank 7, transport 0
2026-07-17T02:20:47.610182329Z gcp-ai-hypercomputer-verification-jc6w5:45:150 [4] NCCL INFO Connected to proxy localRank 4 -> connection 0x77f920004f40
2026-07-17T02:20:47.610184280Z gcp-ai-hypercomputer-verification-jc6w5:48:148 [7] NCCL INFO Connected to proxy localRank 7 -> connection 0x7fa6b4004f40
2026-07-17T02:20:47.610441679Z gcp-ai-hypercomputer-verification-jc6w5:44:160 [3] NCCL INFO New proxy recv connection 0 from local rank 3, transport 0
2026-07-17T02:20:47.610474971Z gcp-ai-hypercomputer-verification-jc6w5:47:155 [6] NCCL INFO New proxy recv connection 0 from local rank 6, transport 0
2026-07-17T02:20:47.610483879Z gcp-ai-hypercomputer-verification-jc6w5:44:149 [3] NCCL INFO Connected to proxy localRank 3 -> connection 0x7e9934004f40
2026-07-17T02:20:47.610487144Z gcp-ai-hypercomputer-verification-jc6w5:47:153 [6] NCCL INFO Connected to proxy localRank 6 -> connection 0x7f966c004f40
2026-07-17T02:20:47.610490091Z gcp-ai-hypercomputer-verification-jc6w5:41:168 [0] NCCL INFO New proxy recv connection 0 from local rank 0, transport 0
2026-07-17T02:20:47.610492910Z gcp-ai-hypercomputer-verification-jc6w5:42:163 [1] NCCL INFO New proxy recv connection 0 from local rank 1, transport 0
2026-07-17T02:20:47.610495683Z gcp-ai-hypercomputer-verification-jc6w5:41:146 [0] NCCL INFO Connected to proxy localRank 0 -> connection 0x7d4e38004f40
2026-07-17T02:20:47.610499180Z gcp-ai-hypercomputer-verification-jc6w5:42:151 [1] NCCL INFO Connected to proxy localRank 1 -> connection 0x785454004f40
2026-07-17T02:20:47.610510000Z gcp-ai-hypercomputer-verification-jc6w5:46:161 [5] NCCL INFO New proxy recv connection 0 from local rank 5, transport 0
2026-07-17T02:20:47.610512993Z gcp-ai-hypercomputer-verification-jc6w5:43:164 [2] NCCL INFO New proxy recv connection 0 from local rank 2, transport 0
2026-07-17T02:20:47.610516070Z gcp-ai-hypercomputer-verification-jc6w5:46:147 [5] NCCL INFO Connected to proxy localRank 5 -> connection 0x780b5c004f40
2026-07-17T02:20:47.610521044Z gcp-ai-hypercomputer-verification-jc6w5:43:152 [2] NCCL INFO Connected to proxy localRank 2 -> connection 0x7bbea4004f40
2026-07-17T02:20:47.610593060Z gcp-ai-hypercomputer-verification-jc6w5:45:154 [4] NCCL INFO New proxy recv connection 1 from local rank 4, transport 0
2026-07-17T02:20:47.610613100Z gcp-ai-hypercomputer-verification-jc6w5:45:150 [4] NCCL INFO Connected to proxy localRank 4 -> connection 0x77f920004fb8
2026-07-17T02:20:47.610733663Z gcp-ai-hypercomputer-verification-jc6w5:48:156 [7] NCCL INFO New proxy recv connection 1 from local rank 7, transport 0
2026-07-17T02:20:47.610739745Z gcp-ai-hypercomputer-verification-jc6w5:48:148 [7] NCCL INFO Connected to proxy localRank 7 -> connection 0x7fa6b4004fb8
2026-07-17T02:20:47.610943254Z gcp-ai-hypercomputer-verification-jc6w5:44:160 [3] NCCL INFO New proxy recv connection 1 from local rank 3, transport 0
2026-07-17T02:20:47.610965332Z gcp-ai-hypercomputer-verification-jc6w5:44:149 [3] NCCL INFO Connected to proxy localRank 3 -> connection 0x7e9934004fb8
2026-07-17T02:20:47.611136142Z gcp-ai-hypercomputer-verification-jc6w5:47:155 [6] NCCL INFO New proxy recv connection 1 from local rank 6, transport 0
2026-07-17T02:20:47.611142845Z gcp-ai-hypercomputer-verification-jc6w5:47:153 [6] NCCL INFO Connected to proxy localRank 6 -> connection 0x7f966c004fb8
2026-07-17T02:20:47.611308680Z gcp-ai-hypercomputer-verification-jc6w5:42:163 [1] NCCL INFO New proxy recv connection 1 from local rank 1, transport 0
2026-07-17T02:20:47.611315480Z gcp-ai-hypercomputer-verification-jc6w5:42:151 [1] NCCL INFO Connected to proxy localRank 1 -> connection 0x785454004fb8
2026-07-17T02:20:47.611319827Z gcp-ai-hypercomputer-verification-jc6w5:41:168 [0] NCCL INFO New proxy recv connection 1 from local rank 0, transport 0
2026-07-17T02:20:47.611321893Z gcp-ai-hypercomputer-verification-jc6w5:46:161 [5] NCCL INFO New proxy recv connection 1 from local rank 5, transport 0
2026-07-17T02:20:47.611323772Z gcp-ai-hypercomputer-verification-jc6w5:41:146 [0] NCCL INFO Connected to proxy localRank 0 -> connection 0x7d4e38004fb8
2026-07-17T02:20:47.611341421Z gcp-ai-hypercomputer-verification-jc6w5:46:147 [5] NCCL INFO Connected to proxy localRank 5 -> connection 0x780b5c004fb8
2026-07-17T02:20:47.611427337Z gcp-ai-hypercomputer-verification-jc6w5:43:164 [2] NCCL INFO New proxy recv connection 1 from local rank 2, transport 0
2026-07-17T02:20:47.611430251Z gcp-ai-hypercomputer-verification-jc6w5:45:154 [4] NCCL INFO New proxy recv connection 2 from local rank 4, transport 0
2026-07-17T02:20:47.611431738Z gcp-ai-hypercomputer-verification-jc6w5:43:152 [2] NCCL INFO Connected to proxy localRank 2 -> connection 0x7bbea4004fb8
2026-07-17T02:20:47.611433261Z gcp-ai-hypercomputer-verification-jc6w5:45:150 [4] NCCL INFO Connected to proxy localRank 4 -> connection 0x77f920005030
2026-07-17T02:20:47.611494505Z gcp-ai-hypercomputer-verification-jc6w5:48:156 [7] NCCL INFO New proxy recv connection 2 from local rank 7, transport 0
2026-07-17T02:20:47.611516615Z gcp-ai-hypercomputer-verification-jc6w5:48:148 [7] NCCL INFO Connected to proxy localRank 7 -> connection 0x7fa6b4005030
2026-07-17T02:20:47.611883937Z gcp-ai-hypercomputer-verification-jc6w5:44:160 [3] NCCL INFO New proxy recv connection 2 from local rank 3, transport 0
2026-07-17T02:20:47.611900832Z gcp-ai-hypercomputer-verification-jc6w5:44:149 [3] NCCL INFO Connected to proxy localRank 3 -> connection 0x7e9934005030
2026-07-17T02:20:47.611903471Z gcp-ai-hypercomputer-verification-jc6w5:47:155 [6] NCCL INFO New proxy recv connection 2 from local rank 6, transport 0
2026-07-17T02:20:47.611905452Z gcp-ai-hypercomputer-verification-jc6w5:47:153 [6] NCCL INFO Connected to proxy localRank 6 -> connection 0x7f966c005030
2026-07-17T02:20:47.611911374Z gcp-ai-hypercomputer-verification-jc6w5:42:163 [1] NCCL INFO New proxy recv connection 2 from local rank 1, transport 0
2026-07-17T02:20:47.611914084Z gcp-ai-hypercomputer-verification-jc6w5:42:151 [1] NCCL INFO Connected to proxy localRank 1 -> connection 0x785454005030
2026-07-17T02:20:47.612010506Z gcp-ai-hypercomputer-verification-jc6w5:41:168 [0] NCCL INFO New proxy recv connection 2 from local rank 0, transport 0
2026-07-17T02:20:47.612016542Z gcp-ai-hypercomputer-verification-jc6w5:41:146 [0] NCCL INFO Connected to proxy localRank 0 -> connection 0x7d4e38005030
2026-07-17T02:20:47.612081677Z gcp-ai-hypercomputer-verification-jc6w5:46:161 [5] NCCL INFO New proxy recv connection 2 from local rank 5, transport 0
2026-07-17T02:20:47.612087227Z gcp-ai-hypercomputer-verification-jc6w5:46:147 [5] NCCL INFO Connected to proxy localRank 5 -> connection 0x780b5c005030
2026-07-17T02:20:47.612089369Z gcp-ai-hypercomputer-verification-jc6w5:43:164 [2] NCCL INFO New proxy recv connection 2 from local rank 2, transport 0
2026-07-17T02:20:47.612093377Z gcp-ai-hypercomputer-verification-jc6w5:45:154 [4] NCCL INFO New proxy recv connection 3 from local rank 4, transport 0
2026-07-17T02:20:47.612095604Z gcp-ai-hypercomputer-verification-jc6w5:43:152 [2] NCCL INFO Connected to proxy localRank 2 -> connection 0x7bbea4005030
2026-07-17T02:20:47.612106839Z gcp-ai-hypercomputer-verification-jc6w5:45:150 [4] NCCL INFO Connected to proxy localRank 4 -> connection 0x77f9200050a8
2026-07-17T02:20:47.612157777Z gcp-ai-hypercomputer-verification-jc6w5:48:156 [7] NCCL INFO New proxy recv connection 3 from local rank 7, transport 0
2026-07-17T02:20:47.612160077Z gcp-ai-hypercomputer-verification-jc6w5:48:148 [7] NCCL INFO Connected to proxy localRank 7 -> connection 0x7fa6b40050a8
2026-07-17T02:20:47.612288070Z gcp-ai-hypercomputer-verification-jc6w5:44:160 [3] NCCL INFO New proxy recv connection 3 from local rank 3, transport 0
2026-07-17T02:20:47.612293666Z gcp-ai-hypercomputer-verification-jc6w5:44:149 [3] NCCL INFO Connected to proxy localRank 3 -> connection 0x7e99340050a8
2026-07-17T02:20:47.612494062Z gcp-ai-hypercomputer-verification-jc6w5:47:155 [6] NCCL INFO New proxy recv connection 3 from local rank 6, transport 0
2026-07-17T02:20:47.612504904Z gcp-ai-hypercomputer-verification-jc6w5:47:153 [6] NCCL INFO Connected to proxy localRank 6 -> connection 0x7f966c0050a8
2026-07-17T02:20:47.612557944Z gcp-ai-hypercomputer-verification-jc6w5:42:163 [1] NCCL INFO New proxy recv connection 3 from local rank 1, transport 0
2026-07-17T02:20:47.612560478Z gcp-ai-hypercomputer-verification-jc6w5:42:151 [1] NCCL INFO Connected to proxy localRank 1 -> connection 0x7854540050a8
2026-07-17T02:20:47.612662401Z gcp-ai-hypercomputer-verification-jc6w5:41:168 [0] NCCL INFO New proxy recv connection 3 from local rank 0, transport 0
2026-07-17T02:20:47.612664505Z gcp-ai-hypercomputer-verification-jc6w5:41:146 [0] NCCL INFO Connected to proxy localRank 0 -> connection 0x7d4e380050a8
2026-07-17T02:20:47.612758339Z gcp-ai-hypercomputer-verification-jc6w5:46:161 [5] NCCL INFO New proxy recv connection 3 from local rank 5, transport 0
2026-07-17T02:20:47.612768311Z gcp-ai-hypercomputer-verification-jc6w5:43:164 [2] NCCL INFO New proxy recv connection 3 from local rank 2, transport 0
2026-07-17T02:20:47.612770747Z gcp-ai-hypercomputer-verification-jc6w5:46:147 [5] NCCL INFO Connected to proxy localRank 5 -> connection 0x780b5c0050a8
2026-07-17T02:20:47.612773195Z gcp-ai-hypercomputer-verification-jc6w5:43:152 [2] NCCL INFO Connected to proxy localRank 2 -> connection 0x7bbea40050a8
2026-07-17T02:20:47.612775197Z gcp-ai-hypercomputer-verification-jc6w5:45:154 [4] NCCL INFO New proxy recv connection 4 from local rank 4, transport 0
2026-07-17T02:20:47.612780196Z gcp-ai-hypercomputer-verification-jc6w5:45:150 [4] NCCL INFO Connected to proxy localRank 4 -> connection 0x77f920005120
2026-07-17T02:20:47.612825519Z gcp-ai-hypercomputer-verification-jc6w5:48:156 [7] NCCL INFO New proxy recv connection 4 from local rank 7, transport 0
2026-07-17T02:20:47.612828331Z gcp-ai-hypercomputer-verification-jc6w5:48:148 [7] NCCL INFO Connected to proxy localRank 7 -> connection 0x7fa6b4005120
2026-07-17T02:20:47.612901986Z gcp-ai-hypercomputer-verification-jc6w5:44:160 [3] NCCL INFO New proxy recv connection 4 from local rank 3, transport 0
2026-07-17T02:20:47.612911871Z gcp-ai-hypercomputer-verification-jc6w5:44:149 [3] NCCL INFO Connected to proxy localRank 3 -> connection 0x7e9934005120
2026-07-17T02:20:47.613153818Z gcp-ai-hypercomputer-verification-jc6w5:47:155 [6] NCCL INFO New proxy recv connection 4 from local rank 6, transport 0
2026-07-17T02:20:47.613157528Z gcp-ai-hypercomputer-verification-jc6w5:47:153 [6] NCCL INFO Connected to proxy localRank 6 -> connection 0x7f966c005120
2026-07-17T02:20:47.613160037Z gcp-ai-hypercomputer-verification-jc6w5:42:163 [1] NCCL INFO New proxy recv connection 4 from local rank 1, transport 0
2026-07-17T02:20:47.613162380Z gcp-ai-hypercomputer-verification-jc6w5:42:151 [1] NCCL INFO Connected to proxy localRank 1 -> connection 0x785454005120
2026-07-17T02:20:47.613289079Z gcp-ai-hypercomputer-verification-jc6w5:41:168 [0] NCCL INFO New proxy recv connection 4 from local rank 0, transport 0
2026-07-17T02:20:47.613300525Z gcp-ai-hypercomputer-verification-jc6w5:41:146 [0] NCCL INFO Connected to proxy localRank 0 -> connection 0x7d4e38005120
2026-07-17T02:20:47.613366247Z gcp-ai-hypercomputer-verification-jc6w5:43:164 [2] NCCL INFO New proxy recv connection 4 from local rank 2, transport 0
2026-07-17T02:20:47.613380117Z gcp-ai-hypercomputer-verification-jc6w5:43:152 [2] NCCL INFO Connected to proxy localRank 2 -> connection 0x7bbea4005120
2026-07-17T02:20:47.613398787Z gcp-ai-hypercomputer-verification-jc6w5:46:161 [5] NCCL INFO New proxy recv connection 4 from local rank 5, transport 0
2026-07-17T02:20:47.613404198Z gcp-ai-hypercomputer-verification-jc6w5:46:147 [5] NCCL INFO Connected to proxy localRank 5 -> connection 0x780b5c005120
2026-07-17T02:20:47.613405995Z gcp-ai-hypercomputer-verification-jc6w5:45:154 [4] NCCL INFO New proxy recv connection 5 from local rank 4, transport 0
2026-07-17T02:20:47.613407949Z gcp-ai-hypercomputer-verification-jc6w5:45:150 [4] NCCL INFO Connected to proxy localRank 4 -> connection 0x77f920005198
2026-07-17T02:20:47.613482849Z gcp-ai-hypercomputer-verification-jc6w5:48:156 [7] NCCL INFO New proxy recv connection 5 from local rank 7, transport 0
2026-07-17T02:20:47.613492953Z gcp-ai-hypercomputer-verification-jc6w5:48:148 [7] NCCL INFO Connected to proxy localRank 7 -> connection 0x7fa6b4005198
2026-07-17T02:20:47.613566692Z gcp-ai-hypercomputer-verification-jc6w5:44:160 [3] NCCL INFO New proxy recv connection 5 from local rank 3, transport 0
2026-07-17T02:20:47.613572126Z gcp-ai-hypercomputer-verification-jc6w5:44:149 [3] NCCL INFO Connected to proxy localRank 3 -> connection 0x7e9934005198
2026-07-17T02:20:47.613900810Z gcp-ai-hypercomputer-verification-jc6w5:47:155 [6] NCCL INFO New proxy recv connection 5 from local rank 6, transport 0
2026-07-17T02:20:47.613938103Z gcp-ai-hypercomputer-verification-jc6w5:47:153 [6] NCCL INFO Connected to proxy localRank 6 -> connection 0x7f966c005198
2026-07-17T02:20:47.613943656Z gcp-ai-hypercomputer-verification-jc6w5:42:163 [1] NCCL INFO New proxy recv connection 5 from local rank 1, transport 0
2026-07-17T02:20:47.613946397Z gcp-ai-hypercomputer-verification-jc6w5:42:151 [1] NCCL INFO Connected to proxy localRank 1 -> connection 0x785454005198
2026-07-17T02:20:47.613948704Z gcp-ai-hypercomputer-verification-jc6w5:41:168 [0] NCCL INFO New proxy recv connection 5 from local rank 0, transport 0
2026-07-17T02:20:47.613951542Z gcp-ai-hypercomputer-verification-jc6w5:41:146 [0] NCCL INFO Connected to proxy localRank 0 -> connection 0x7d4e38005198
2026-07-17T02:20:47.613967047Z gcp-ai-hypercomputer-verification-jc6w5:43:164 [2] NCCL INFO New proxy recv connection 5 from local rank 2, transport 0
2026-07-17T02:20:47.613973758Z gcp-ai-hypercomputer-verification-jc6w5:43:152 [2] NCCL INFO Connected to proxy localRank 2 -> connection 0x7bbea4005198
2026-07-17T02:20:47.614029252Z gcp-ai-hypercomputer-verification-jc6w5:46:161 [5] NCCL INFO New proxy recv connection 5 from local rank 5, transport 0
2026-07-17T02:20:47.614048816Z gcp-ai-hypercomputer-verification-jc6w5:46:147 [5] NCCL INFO Connected to proxy localRank 5 -> connection 0x780b5c005198
2026-07-17T02:20:47.614052111Z gcp-ai-hypercomputer-verification-jc6w5:45:154 [4] NCCL INFO New proxy recv connection 6 from local rank 4, transport 0
2026-07-17T02:20:47.614054600Z gcp-ai-hypercomputer-verification-jc6w5:45:150 [4] NCCL INFO Connected to proxy localRank 4 -> connection 0x77f920005210
2026-07-17T02:20:47.614112004Z gcp-ai-hypercomputer-verification-jc6w5:48:156 [7] NCCL INFO New proxy recv connection 6 from local rank 7, transport 0
2026-07-17T02:20:47.614115330Z gcp-ai-hypercomputer-verification-jc6w5:48:148 [7] NCCL INFO Connected to proxy localRank 7 -> connection 0x7fa6b4005210
2026-07-17T02:20:47.614175205Z gcp-ai-hypercomputer-verification-jc6w5:44:160 [3] NCCL INFO New proxy recv connection 6 from local rank 3, transport 0
2026-07-17T02:20:47.614181658Z gcp-ai-hypercomputer-verification-jc6w5:44:149 [3] NCCL INFO Connected to proxy localRank 3 -> connection 0x7e9934005210
2026-07-17T02:20:47.614311400Z gcp-ai-hypercomputer-verification-jc6w5:47:155 [6] NCCL INFO New proxy recv connection 6 from local rank 6, transport 0
2026-07-17T02:20:47.614316519Z gcp-ai-hypercomputer-verification-jc6w5:47:153 [6] NCCL INFO Connected to proxy localRank 6 -> connection 0x7f966c005210
2026-07-17T02:20:47.614497236Z gcp-ai-hypercomputer-verification-jc6w5:42:163 [1] NCCL INFO New proxy recv connection 6 from local rank 1, transport 0
2026-07-17T02:20:47.614505716Z gcp-ai-hypercomputer-verification-jc6w5:41:168 [0] NCCL INFO New proxy recv connection 6 from local rank 0, transport 0
2026-07-17T02:20:47.614513184Z gcp-ai-hypercomputer-verification-jc6w5:42:151 [1] NCCL INFO Connected to proxy localRank 1 -> connection 0x785454005210
2026-07-17T02:20:47.614517226Z gcp-ai-hypercomputer-verification-jc6w5:41:146 [0] NCCL INFO Connected to proxy localRank 0 -> connection 0x7d4e38005210
2026-07-17T02:20:47.614591903Z gcp-ai-hypercomputer-verification-jc6w5:43:164 [2] NCCL INFO New proxy recv connection 6 from local rank 2, transport 0
2026-07-17T02:20:47.614594456Z gcp-ai-hypercomputer-verification-jc6w5:43:152 [2] NCCL INFO Connected to proxy localRank 2 -> connection 0x7bbea4005210
2026-07-17T02:20:47.614662663Z gcp-ai-hypercomputer-verification-jc6w5:46:161 [5] NCCL INFO New proxy recv connection 6 from local rank 5, transport 0
2026-07-17T02:20:47.614671189Z gcp-ai-hypercomputer-verification-jc6w5:46:147 [5] NCCL INFO Connected to proxy localRank 5 -> connection 0x780b5c005210
2026-07-17T02:20:47.614705943Z gcp-ai-hypercomputer-verification-jc6w5:45:154 [4] NCCL INFO New proxy recv connection 7 from local rank 4, transport 0
2026-07-17T02:20:47.614714882Z gcp-ai-hypercomputer-verification-jc6w5:45:150 [4] NCCL INFO Connected to proxy localRank 4 -> connection 0x77f920005288
2026-07-17T02:20:47.614775452Z gcp-ai-hypercomputer-verification-jc6w5:48:156 [7] NCCL INFO New proxy recv connection 7 from local rank 7, transport 0
2026-07-17T02:20:47.614787163Z gcp-ai-hypercomputer-verification-jc6w5:44:160 [3] NCCL INFO New proxy recv connection 7 from local rank 3, transport 0
2026-07-17T02:20:47.614792043Z gcp-ai-hypercomputer-verification-jc6w5:48:148 [7] NCCL INFO Connected to proxy localRank 7 -> connection 0x7fa6b4005288
2026-07-17T02:20:47.614810856Z gcp-ai-hypercomputer-verification-jc6w5:44:149 [3] NCCL INFO Connected to proxy localRank 3 -> connection 0x7e9934005288
2026-07-17T02:20:47.614981486Z gcp-ai-hypercomputer-verification-jc6w5:47:155 [6] NCCL INFO New proxy recv connection 7 from local rank 6, transport 0
2026-07-17T02:20:47.615004172Z gcp-ai-hypercomputer-verification-jc6w5:47:153 [6] NCCL INFO Connected to proxy localRank 6 -> connection 0x7f966c005288
2026-07-17T02:20:47.615251503Z gcp-ai-hypercomputer-verification-jc6w5:42:163 [1] NCCL INFO New proxy recv connection 7 from local rank 1, transport 0
